4 8 3 1 2 9 6 7 0
1 2 9 7 8 6 3 0 5
7 0 6 4 5 3 1 8 2
3 4 2 9 7 5 0 1 6
9 1 8 6 0 2 7 4 3
6 7 5 3 1 0 9 2 8
2 3 1 8 9 7 5 6 4
8 9 7 5 6 4 2 3 1
5 6 4 2 3 1 8 9 7
