7 9 0 8 3 6 0 4 11 13 5 12 15 2 14 0
13 3 5 16 1 2 0 14 7 4 6 8 11 9 10 12
15 2 1 10 11 16 13 5 3 0 14 9 4 6 7 0
11 4 12 6 0 10 9 15 0 16 2 1 3 13 5 8
8 0 10 4 0 7 11 13 0 15 9 0 16 12 2 1
0 7 6 5 16 3 1 0 8 0 10 2 14 11 0 13
14 11 2 1 0 15 6 12 4 7 0 16 5 3 8 9
12 16 9 13 2 4 10 8 14 3 1 5 0 7 6 15
16 5 8 9 6 0 7 3 10 11 12 14 2 1 13 0
2 0 11 3 5 1 4 0 0 9 13 7 6 14 12 16
4 1 14 15 0 13 8 11 2 5 0 6 0 10 3 7
6 13 0 7 14 9 2 10 0 1 16 15 8 5 4 11
5 8 13 0 4 0 3 2 9 12 11 0 10 16 15 14
1 14 7 2 13 5 15 0 6 10 4 0 9 0 11 3
0 10 16 11 12 14 0 9 1 2 3 0 7 8 0 6
9 12 3 0 7 8 16 6 5 14 15 13 1 4 0 2
